[2026-02-18 13:51:49] faulthandler enabled
Windows fatal exception: code 0x8001010d

Current thread 0x00007a0c (most recent call first):
  File "c:\Users\songklod\Desktop\Python\Main_Program\All_Programs\99_CleanSPSS_Germini.py", line 2569 in run_this_app
  File "c:\Users\songklod\Desktop\Python\Main_Program\All_Programs\99_CleanSPSS_Germini.py", line 2573 in <module>
Windows fatal exception: stack overflow

Current thread 0x00007a0c (most recent call first):
  File "c:\Users\songklod\Desktop\Python\Main_Program\All_Programs\99_CleanSPSS_Germini.py", line 2471 in _hover_select_row
  File "c:\Users\songklod\Desktop\Python\Main_Program\All_Programs\99_CleanSPSS_Germini.py", line 2471 in _hover_select_row
  File "c:\Users\songklod\Desktop\Python\Main_Program\All_Programs\99_CleanSPSS_Germini.py", line 2471 in _hover_select_row
  File "c:\Users\songklod\Desktop\Python\Main_Program\All_Programs\99_CleanSPSS_Germini.py", line 2471 in _hover_select_row
  File "c:\Users\songklod\Desktop\Python\Main_Program\All_Programs\99_CleanSPSS_Germini.py", line 2471 in _hover_select_row
  File "c:\Users\songklod\Desktop\Python\Main_Program\All_Programs\99_CleanSPSS_Germini.py", line 2471 in _hover_select_row
  File "c:\Users\songklod\Desktop\Python\Main_Program\All_Programs\99_CleanSPSS_Germini.py", line 2471 in _hover_select_row
  File "c:\Users\songklod\Desktop\Python\Main_Program\All_Programs\99_CleanSPSS_Germini.py", line 2471 in _hover_select_row
  File "c:\Users\songklod\Desktop\Python\Main_Program\All_Programs\99_CleanSPSS_Germini.py", line 2471 in _hover_select_row
  File "c:\Users\songklod\Desktop\Python\Main_Program\All_Programs\99_CleanSPSS_Germini.py", line 2471 in _hover_select_row
  File "c:\Users\songklod\Desktop\Python\Main_Program\All_Programs\99_CleanSPSS_Germini.py", line 2471 in _hover_select_row
  File "c:\Users\songklod\Desktop\Python\Main_Program\All_Programs\99_CleanSPSS_Germini.py", line 2471 in _hover_select_row
  File "c:\Users\songklod\Desktop\Python\Main_Program\All_Programs\99_CleanSPSS_Germini.py", line 2471 in _hover_select_row
  File "c:\Users\songklod\Desktop\Python\Main_Program\All_Programs\99_CleanSPSS_Germini.py", line 2471 in _hover_select_row
  File "c:\Users\songklod\Desktop\Python\Main_Program\All_Programs\99_CleanSPSS_Germini.py", line 2471 in _hover_select_row
  File "c:\Users\songklod\Desktop\Python\Main_Program\All_Programs\99_CleanSPSS_Germini.py", line 2471 in _hover_select_row
  File "c:\Users\songklod\Desktop\Python\Main_Program\All_Programs\99_CleanSPSS_Germini.py", line 2471 in _hover_select_row
  File "c:\Users\songklod\Desktop\Python\Main_Program\All_Programs\99_CleanSPSS_Germini.py", line 2471 in _hover_select_row
  File "c:\Users\songklod\Desktop\Python\Main_Program\All_Programs\99_CleanSPSS_Germini.py", line 2471 in _hover_select_row
  File "c:\Users\songklod\Desktop\Python\Main_Program\All_Programs\99_CleanSPSS_Germini.py", line 2471 in _hover_select_row
  File "c:\Users\songklod\Desktop\Python\Main_Program\All_Programs\99_CleanSPSS_Germini.py", line 2471 in _hover_select_row
  File "c:\Users\songklod\Desktop\Python\Main_Program\All_Programs\99_CleanSPSS_Germini.py", line 2471 in _hover_select_row
  File "c:\Users\songklod\Desktop\Python\Main_Program\All_Programs\99_CleanSPSS_Germini.py", line 2471 in _hover_select_row
  File "c:\Users\songklod\Desktop\Python\Main_Program\All_Programs\99_CleanSPSS_Germini.py", line 2471 in _hover_select_row
  File "c:\Users\songklod\Desktop\Python\Main_Program\All_Programs\99_CleanSPSS_Germini.py", line 2471 in _hover_select_row
  File "c:\Users\songklod\Desktop\Python\Main_Program\All_Programs\99_CleanSPSS_Germini.py", line 2471 in _hover_select_row
  File "c:\Users\songklod\Desktop\Python\Main_Program\All_Programs\99_CleanSPSS_Germini.py", line 2471 in _hover_select_row
  File "c:\Users\songklod\Desktop\Python\Main_Program\All_Programs\99_CleanSPSS_Germini.py", line 2471 in _hover_select_row
  File "c:\Users\songklod\Desktop\Python\Main_Program\All_Programs\99_CleanSPSS_Germini.py", line 2471 in _hover_select_row
  File "c:\Users\songklod\Desktop\Python\Main_Program\All_Programs\99_CleanSPSS_Germini.py", line 2471 in _hover_select_row
  File "c:\Users\songklod\Desktop\Python\Main_Program\All_Programs\99_CleanSPSS_Germini.py", line 2471 in _hover_select_row
  File "c:\Users\songklod\Desktop\Python\Main_Program\All_Programs\99_CleanSPSS_Germini.py", line 2471 in _hover_select_row
  File "c:\Users\songklod\Desktop\Python\Main_Program\All_Programs\99_CleanSPSS_Germini.py", line 2471 in _hover_select_row
  File "c:\Users\songklod\Desktop\Python\Main_Program\All_Programs\99_CleanSPSS_Germini.py", line 2471 in _hover_select_row
  File "c:\Users\songklod\Desktop\Python\Main_Program\All_Programs\99_CleanSPSS_Germini.py", line 2471 in _hover_select_row
  File "c:\Users\songklod\Desktop\Python\Main_Program\All_Programs\99_CleanSPSS_Germini.py", line 2471 in _hover_select_row
  File "c:\Users\songklod\Desktop\Python\Main_Program\All_Programs\99_CleanSPSS_Germini.py", line 2471 in _hover_select_row
  File "c:\Users\songklod\Desktop\Python\Main_Program\All_Programs\99_CleanSPSS_Germini.py", line 2471 in _hover_select_row
  File "c:\Users\songklod\Desktop\Python\Main_Program\All_Programs\99_CleanSPSS_Germini.py", line 2471 in _hover_select_row
  File "c:\Users\songklod\Desktop\Python\Main_Program\All_Programs\99_CleanSPSS_Germini.py", line 2471 in _hover_select_row
  File "c:\Users\songklod\Desktop\Python\Main_Program\All_Programs\99_CleanSPSS_Germini.py", line 2471 in _hover_select_row
  File "c:\Users\songklod\Desktop\Python\Main_Program\All_Programs\99_CleanSPSS_Germini.py", line 2471 in _hover_select_row
  File "c:\Users\songklod\Desktop\Python\Main_Program\All_Programs\99_CleanSPSS_Germini.py", line 2471 in _hover_select_row
  File "c:\Users\songklod\Desktop\Python\Main_Program\All_Programs\99_CleanSPSS_Germini.py", line 2471 in _hover_select_row
  File "c:\Users\songklod\Desktop\Python\Main_Program\All_Programs\99_CleanSPSS_Germini.py", line 2471 in _hover_select_row
  File "c:\Users\songklod\Desktop\Python\Main_Program\All_Programs\99_CleanSPSS_Germini.py", line 2471 in _hover_select_row
  File "c:\Users\songklod\Desktop\Python\Main_Program\All_Programs\99_CleanSPSS_Germini.py", line 2471 in _hover_select_row
  File "c:\Users\songklod\Desktop\Python\Main_Program\All_Programs\99_CleanSPSS_Germini.py", line 2471 in _hover_select_row
  File "c:\Users\songklod\Desktop\Python\Main_Program\All_Programs\99_CleanSPSS_Germini.py", line 2471 in _hover_select_row
  File "c:\Users\songklod\Desktop\Python\Main_Program\All_Programs\99_CleanSPSS_Germini.py", line 2471 in _hover_select_row
  File "c:\Users\songklod\Desktop\Python\Main_Program\All_Programs\99_CleanSPSS_Germini.py", line 2471 in _hover_select_row
  File "c:\Users\songklod\Desktop\Python\Main_Program\All_Programs\99_CleanSPSS_Germini.py", line 2471 in _hover_select_row
  File "c:\Users\songklod\Desktop\Python\Main_Program\All_Programs\99_CleanSPSS_Germini.py", line 2471 in _hover_select_row
  File "c:\Users\songklod\Desktop\Python\Main_Program\All_Programs\99_CleanSPSS_Germini.py", line 2471 in _hover_select_row
  File "c:\Users\songklod\Desktop\Python\Main_Program\All_Programs\99_CleanSPSS_Germini.py", line 2471 in _hover_select_row
  File "c:\Users\songklod\Desktop\Python\Main_Program\All_Programs\99_CleanSPSS_Germini.py", line 2471 in _hover_select_row
  File "c:\Users\songklod\Desktop\Python\Main_Program\All_Programs\99_CleanSPSS_Germini.py", line 2471 in _hover_select_row
  File "c:\Users\songklod\Desktop\Python\Main_Program\All_Programs\99_CleanSPSS_Germini.py", line 2471 in _hover_select_row
  File "c:\Users\songklod\Desktop\Python\Main_Program\All_Programs\99_CleanSPSS_Germini.py", line 2471 in _hover_select_row
  File "c:\Users\songklod\Desktop\Python\Main_Program\All_Programs\99_CleanSPSS_Germini.py", line 2471 in _hover_select_row
  File "c:\Users\songklod\Desktop\Python\Main_Program\All_Programs\99_CleanSPSS_Germini.py", line 2471 in _hover_select_row
  File "c:\Users\songklod\Desktop\Python\Main_Program\All_Programs\99_CleanSPSS_Germini.py", line 2471 in _hover_select_row
  File "c:\Users\songklod\Desktop\Python\Main_Program\All_Programs\99_CleanSPSS_Germini.py", line 2471 in _hover_select_row
  File "c:\Users\songklod\Desktop\Python\Main_Program\All_Programs\99_CleanSPSS_Germini.py", line 2471 in _hover_select_row
  File "c:\Users\songklod\Desktop\Python\Main_Program\All_Programs\99_CleanSPSS_Germini.py", line 2471 in _hover_select_row
  File "c:\Users\songklod\Desktop\Python\Main_Program\All_Programs\99_CleanSPSS_Germini.py", line 2471 in _hover_select_row
  File "c:\Users\songklod\Desktop\Python\Main_Program\All_Programs\99_CleanSPSS_Germini.py", line 2471 in _hover_select_row
  File "c:\Users\songklod\Desktop\Python\Main_Program\All_Programs\99_CleanSPSS_Germini.py", line 2471 in _hover_select_row
  File "c:\Users\songklod\Desktop\Python\Main_Program\All_Programs\99_CleanSPSS_Germini.py", line 2471 in _hover_select_row
  File "c:\Users\songklod\Desktop\Python\Main_Program\All_Programs\99_CleanSPSS_Germini.py", line 2471 in _hover_select_row
  File "c:\Users\songklod\Desktop\Python\Main_Program\All_Programs\99_CleanSPSS_Germini.py", line 2471 in _hover_select_row
  File "c:\Users\songklod\Desktop\Python\Main_Program\All_Programs\99_CleanSPSS_Germini.py", line 2471 in _hover_select_row
  File "c:\Users\songklod\Desktop\Python\Main_Program\All_Programs\99_CleanSPSS_Germini.py", line 2471 in _hover_select_row
  File "c:\Users\songklod\Desktop\Python\Main_Program\All_Programs\99_CleanSPSS_Germini.py", line 2471 in _hover_select_row
  File "c:\Users\songklod\Desktop\Python\Main_Program\All_Programs\99_CleanSPSS_Germini.py", line 2471 in _hover_select_row
  File "c:\Users\songklod\Desktop\Python\Main_Program\All_Programs\99_CleanSPSS_Germini.py", line 2471 in _hover_select_row
  File "c:\Users\songklod\Desktop\Python\Main_Program\All_Programs\99_CleanSPSS_Germini.py", line 2471 in _hover_select_row
  File "c:\Users\songklod\Desktop\Python\Main_Program\All_Programs\99_CleanSPSS_Germini.py", line 2471 in _hover_select_row
  File "c:\Users\songklod\Desktop\Python\Main_Program\All_Programs\99_CleanSPSS_Germini.py", line 2471 in _hover_select_row
  File "c:\Users\songklod\Desktop\Python\Main_Program\All_Programs\99_CleanSPSS_Germini.py", line 2471 in _hover_select_row
  File "c:\Users\songklod\Desktop\Python\Main_Program\All_Programs\99_CleanSPSS_Germini.py", line 2471 in _hover_select_row
  File "c:\Users\songklod\Desktop\Python\Main_Program\All_Programs\99_CleanSPSS_Germini.py", line 2471 in _hover_select_row
  File "c:\Users\songklod\Desktop\Python\Main_Program\All_Programs\99_CleanSPSS_Germini.py", line 2471 in _hover_select_row
  File "c:\Users\songklod\Desktop\Python\Main_Program\All_Programs\99_CleanSPSS_Germini.py", line 2471 in _hover_select_row
  File "c:\Users\songklod\Desktop\Python\Main_Program\All_Programs\99_CleanSPSS_Germini.py", line 2471 in _hover_select_row
  File "c:\Users\songklod\Desktop\Python\Main_Program\All_Programs\99_CleanSPSS_Germini.py", line 2471 in _hover_select_row
  File "c:\Users\songklod\Desktop\Python\Main_Program\All_Programs\99_CleanSPSS_Germini.py", line 2471 in _hover_select_row
  File "c:\Users\songklod\Desktop\Python\Main_Program\All_Programs\99_CleanSPSS_Germini.py", line 2471 in _hover_select_row
  File "c:\Users\songklod\Desktop\Python\Main_Program\All_Programs\99_CleanSPSS_Germini.py", line 2471 in _hover_select_row
  File "c:\Users\songklod\Desktop\Python\Main_Program\All_Programs\99_CleanSPSS_Germini.py", line 2471 in _hover_select_row
  File "c:\Users\songklod\Desktop\Python\Main_Program\All_Programs\99_CleanSPSS_Germini.py", line 2471 in _hover_select_row
  File "c:\Users\songklod\Desktop\Python\Main_Program\All_Programs\99_CleanSPSS_Germini.py", line 2471 in _hover_select_row
  File "c:\Users\songklod\Desktop\Python\Main_Program\All_Programs\99_CleanSPSS_Germini.py", line 2471 in _hover_select_row
  File "c:\Users\songklod\Desktop\Python\Main_Program\All_Programs\99_CleanSPSS_Germini.py", line 2471 in _hover_select_row
  File "c:\Users\songklod\Desktop\Python\Main_Program\All_Programs\99_CleanSPSS_Germini.py", line 2471 in _hover_select_row
  File "c:\Users\songklod\Desktop\Python\Main_Program\All_Programs\99_CleanSPSS_Germini.py", line 2471 in _hover_select_row
  File "c:\Users\songklod\Desktop\Python\Main_Program\All_Programs\99_CleanSPSS_Germini.py", line 2471 in _hover_select_row
  File "c:\Users\songklod\Desktop\Python\Main_Program\All_Programs\99_CleanSPSS_Germini.py", line 2471 in _hover_select_row
  File "c:\Users\songklod\Desktop\Python\Main_Program\All_Programs\99_CleanSPSS_Germini.py", line 2471 in _hover_select_row
  File "c:\Users\songklod\Desktop\Python\Main_Program\All_Programs\99_CleanSPSS_Germini.py", line 2471 in _hover_select_row
  ...
[2026-02-18 14:04:50] faulthandler enabled
Windows fatal exception: code 0x8001010d

Current thread 0x00003514 (most recent call first):
  File "c:\Users\songklod\Desktop\Python\Main_Program\All_Programs\99_CleanSPSS_Germini.py", line 2574 in run_this_app
  File "c:\Users\songklod\Desktop\Python\Main_Program\All_Programs\99_CleanSPSS_Germini.py", line 2578 in <module>
[2026-02-18 14:18:54] Main window closeEvent received
[2026-02-18 14:18:56] Main window closeEvent ignored by user
[2026-02-18 14:18:58] Main window closeEvent received
[2026-02-18 14:19:12] Main window closeEvent accepted by user
[2026-02-18 14:19:12] QApplication.aboutToQuit fired
[2026-03-04 21:05:37] faulthandler enabled
Windows fatal exception: code 0x8001010d

Current thread 0x00006fa0 (most recent call first):
  File "c:\Users\songklod\Desktop\Python\Main_Program\All_Programs\99_CleanSPSS_Germini.py", line 2577 in run_this_app
  File "c:\Users\songklod\Desktop\Python\Main_Program\All_Programs\99_CleanSPSS_Germini.py", line 2581 in <module>
[2026-03-04 21:06:32] Main window closeEvent received
[2026-03-04 21:06:33] Main window closeEvent accepted by user
[2026-03-04 21:06:38] QApplication.aboutToQuit fired
[2026-03-04 21:10:12] faulthandler enabled
Windows fatal exception: code 0x8001010d

Current thread 0x000071c4 (most recent call first):
  File "c:\Users\songklod\Desktop\Python\Main_Program\All_Programs\99_CleanSPSS_Germini.py", line 2577 in run_this_app
  File "c:\Users\songklod\Desktop\Python\Main_Program\All_Programs\99_CleanSPSS_Germini.py", line 2581 in <module>
[2026-03-04 21:23:40] faulthandler enabled
Windows fatal exception: code 0x8001010d

Current thread 0x00007ef8 (most recent call first):
  File "c:\Users\songklod\Desktop\Python\Main_Program\All_Programs\99_CleanSPSS_Germini.py", line 2589 in run_this_app
  File "c:\Users\songklod\Desktop\Python\Main_Program\All_Programs\99_CleanSPSS_Germini.py", line 2593 in <module>
[2026-03-04 21:32:31] Main window closeEvent received
[2026-03-04 21:32:32] Main window closeEvent accepted by user
[2026-03-04 21:32:32] QApplication.aboutToQuit fired
[2026-03-04 21:35:04] faulthandler enabled
Windows fatal exception: code 0x8001010d

Current thread 0x00001670 (most recent call first):
  File "c:\Users\songklod\Desktop\Python\Main_Program\All_Programs\99_CleanSPSS_Germini.py", line 2606 in run_this_app
  File "c:\Users\songklod\Desktop\Python\Main_Program\All_Programs\99_CleanSPSS_Germini.py", line 2610 in <module>
[2026-03-04 21:36:49] Main window closeEvent received
[2026-03-04 23:20:39] faulthandler enabled
Windows fatal exception: code 0x8001010d

Current thread 0x00003768 (most recent call first):
  File "c:\Users\songklod\Desktop\Python\Main_Program\All_Programs\99_CleanSPSS_Germini.py", line 2621 in run_this_app
  File "c:\Users\songklod\Desktop\Python\Main_Program\All_Programs\99_CleanSPSS_Germini.py", line 2625 in <module>
[2026-03-04 23:22:02] Main window closeEvent received
[2026-03-04 23:22:26] faulthandler enabled
Windows fatal exception: code 0x8001010d

Current thread 0x000013d4 (most recent call first):
  File "c:\Users\songklod\Desktop\Python\Main_Program\All_Programs\99_CleanSPSS_Germini.py", line 2621 in run_this_app
  File "c:\Users\songklod\Desktop\Python\Main_Program\All_Programs\99_CleanSPSS_Germini.py", line 2625 in <module>
[2026-03-11 13:36:35] faulthandler enabled
[2026-03-11 13:36:40] Main window closeEvent received
[2026-03-11 13:36:42] Main window closeEvent accepted by user
[2026-03-11 13:36:42] QApplication.aboutToQuit fired
[2026-03-18 16:01:42] faulthandler enabled
[2026-03-18 16:01:48] Main window closeEvent received
[2026-03-18 16:01:49] Main window closeEvent accepted by user
[2026-03-18 16:01:49] QApplication.aboutToQuit fired
[2026-03-18 16:11:24] faulthandler enabled
[2026-03-18 16:11:25] Main window closeEvent received
[2026-03-18 16:11:26] Main window closeEvent accepted by user
[2026-03-18 16:11:26] QApplication.aboutToQuit fired
[2026-04-16 16:47:44] faulthandler enabled
[2026-04-16 16:47:49] Main window closeEvent received
[2026-04-16 16:47:50] Main window closeEvent accepted by user
[2026-04-16 16:47:50] QApplication.aboutToQuit fired
[2026-04-16 16:51:12] faulthandler enabled
[2026-04-16 17:49:45] Main window closeEvent received
[2026-04-16 17:49:47] Main window closeEvent accepted by user
[2026-04-16 17:49:47] QApplication.aboutToQuit fired
[2026-04-16 17:54:33] faulthandler enabled
[2026-04-16 18:34:48] faulthandler enabled
[2026-04-16 19:10:33] faulthandler enabled
[2026-04-16 19:58:09] Main window closeEvent received
[2026-04-16 19:58:10] Main window closeEvent accepted by user
[2026-04-16 19:58:10] QApplication.aboutToQuit fired
[2026-04-17 10:12:10] faulthandler enabled
[2026-04-17 10:12:15] Unhandled exception: 
[2026-04-17 10:12:15] Traceback (most recent call last):
  File "c:\Users\songklod\Desktop\Main_Program\All_Programs\99_CleanSPSS_Germini.py", line 2476, in wrapped
    def wrapped():
    
KeyboardInterrupt

[2026-04-17 10:16:43] Main window closeEvent received
[2026-04-17 10:16:44] Main window closeEvent accepted by user
[2026-04-17 10:16:44] QApplication.aboutToQuit fired
[2026-04-17 10:16:48] faulthandler enabled
[2026-04-17 10:18:28] Main window closeEvent received
[2026-04-17 10:18:28] Main window closeEvent accepted by user
[2026-04-17 10:18:28] QApplication.aboutToQuit fired
[2026-04-17 10:18:30] faulthandler enabled
[2026-04-17 10:22:18] faulthandler enabled
[2026-04-17 10:23:41] Main window closeEvent received
[2026-04-17 10:23:42] Main window closeEvent accepted by user
[2026-04-17 10:23:42] QApplication.aboutToQuit fired
[2026-04-17 10:32:14] faulthandler enabled
[2026-04-17 10:32:52] Main window closeEvent received
[2026-04-17 10:32:53] Main window closeEvent accepted by user
[2026-04-17 10:32:53] QApplication.aboutToQuit fired
[2026-04-17 10:36:19] faulthandler enabled
[2026-04-17 10:40:00] Main window closeEvent received
[2026-04-17 10:40:01] Main window closeEvent accepted by user
[2026-04-17 10:40:01] QApplication.aboutToQuit fired
[2026-04-17 10:44:07] faulthandler enabled
[2026-04-17 10:44:21] Main window closeEvent received
[2026-04-17 10:44:22] Main window closeEvent accepted by user
[2026-04-17 10:44:22] QApplication.aboutToQuit fired
